---
source: crates/goose/src/agents/prompt_manager.rs
expression: table
---
shared body (no family selected): 75125 bytes / ~18782 tokens

family        overlay_bytes  total_bytes  approx_total_tokens
anthropic               233        75359                18840
openai                  300        75426                18857
deepseek                253        75379                18845
glm                     287        75413                18854
xai                     215        75341                18836
qwen-local              465        75591                18898
other                     0        75125                18782
