2026-06-15T19:36:25.518Z [harness] world tab click: World
2026-06-15T19:36:37.536Z [henry-poll] current_state=idle
2026-06-15T19:36:37.540Z [librarian-poll] state=batch_complete task="Batch complete — described 5 memories"
2026-06-15T19:36:37.588Z [meshcount] {"mesh":783,"skinned":26}
2026-06-15T19:36:37.594Z [perf] initial {"fps":18.4,"calls":0,"triangles":0,"geometries":763,"textures":30,"programs":28,"dpr":1.5}
2026-06-15T19:36:37.595Z [bank] t0-before {"level":0,"totalBanked":0,"totalSpent":0,"recent":[],"construction":{"built":0,"total":8}}
2026-06-15T19:36:37.596Z [action] starting DEV time-lapse driver (units tagged dev in the ledger)
2026-06-15T19:36:38.038Z [events-ws] librarian_describe_started ts=2026-06-15T19:29:57.832229Z {"memory_key":"chat-20260615_2-2","started_at":"2026-06-15T19:29:57.831512+00:00"}
2026-06-15T19:36:38.039Z [events-ws] librarian_describe_completed ts=2026-06-15T19:31:17.682602Z {"memory_key":"chat-20260615_2-2","description":"Described the nature of Henry as an AI agent and how his memo
2026-06-15T19:36:38.039Z [events-ws] librarian_describe_started ts=2026-06-15T19:31:17.683511Z {"memory_key":"scheduled-storage-insights-5","started_at":"2026-06-15T19:31:17.683498+00:00"}
2026-06-15T19:36:38.040Z [events-ws] librarian_describe_completed ts=2026-06-15T19:32:02.557284Z {"memory_key":"scheduled-storage-insights-5","description":"User requested a storage health scan on their Mac 
2026-06-15T19:36:38.040Z [events-ws] librarian_describe_started ts=2026-06-15T19:32:02.557431Z {"memory_key":"activity:1781529446:automation_job_completed:019ecb6e","started_at":"2026-06-15T19:32:02.557425
2026-06-15T19:36:38.041Z [events-ws] librarian_describe_completed ts=2026-06-15T19:32:29.074453Z {"memory_key":"activity:1781529446:automation_job_completed:019ecb6e","description":"Automation named 'storage
2026-06-15T19:36:38.041Z [events-ws] librarian_describe_started ts=2026-06-15T19:32:29.074697Z {"memory_key":"scheduled-workspace-snapshot-11","started_at":"2026-06-15T19:32:29.074691+00:00"}
2026-06-15T19:36:38.042Z [events-ws] librarian_describe_completed ts=2026-06-15T19:33:19.676372Z {"memory_key":"scheduled-workspace-snapshot-11","description":"Generated a morning workspace snapshot includin
2026-06-15T19:36:38.042Z [events-ws] librarian_describe_started ts=2026-06-15T19:33:19.676461Z {"memory_key":"activity:1781529431:automation_job_completed:019ecb6d","started_at":"2026-06-15T19:33:19.676457
2026-06-15T19:36:38.042Z [events-ws] librarian_describe_completed ts=2026-06-15T19:33:53.716411Z {"memory_key":"activity:1781529431:automation_job_completed:019ecb6d","description":"The automation job named 
2026-06-15T19:36:39.538Z [frame] 000-1781552199537-10-tending-wide.jpg
2026-06-15T19:36:39.539Z [bank] tending-0 {"level":0,"totalBanked":2,"totalSpent":2,"recent":[{"seq":0,"kind":"describe","ref":"dev-timelapse-1781552197596-0","at":1781552197596,"source":"dev"},{"seq":1,"kind":"describe","ref":"dev-timelapse-1781552199198-1","at":1781552199198,"source":"dev"}],"construction":{"built":2,"total":8}}
2026-06-15T19:36:41.696Z [frame] 001-1781552201696-10-tending-wide.jpg
2026-06-15T19:36:43.852Z [frame] 002-1781552203852-10-tending-wide.jpg
2026-06-15T19:36:45.988Z [frame] 003-1781552205987-10-tending-wide.jpg
2026-06-15T19:36:45.993Z [bank] tending-3 {"level":1,"totalBanked":6,"totalSpent":5,"recent":[{"seq":0,"kind":"describe","ref":"dev-timelapse-1781552197596-0","at":1781552197596,"source":"dev"},{"seq":1,"kind":"describe","ref":"dev-timelapse-1781552199198-1","at":1781552199198,"source":"dev"},{"seq":2,"kind":"describe","ref":"dev-timelapse-1781552200798-2","at":1781552200798,"source":"dev"},{"seq":3,"kind":"ingest","ref":"dev-timelapse-1781552202397-3","at":1781552202397,"source":"dev"},{"seq":4,"kind":"ingest","ref":"dev-timelapse-1781552203998-4","at":1781552203998,"source":"dev"},{"seq":5,"kind":"ingest","ref":"dev-timelapse-1781552205597-5","at":1781552205597,"source":"dev"}],"construction":{"built":5,"total":8}}
2026-06-15T19:36:48.146Z [frame] 004-1781552208145-10-tending-wide.jpg
2026-06-15T19:36:50.314Z [frame] 005-1781552210313-10-tending-wide.jpg
2026-06-15T19:36:52.440Z [frame] 006-1781552212440-10-tending-wide.jpg
2026-06-15T19:36:52.441Z [bank] tending-6 {"level":2,"totalBanked":10,"totalSpent":8,"recent":[{"seq":0,"kind":"describe","ref":"dev-timelapse-1781552197596-0","at":1781552197596,"source":"dev"},{"seq":1,"kind":"describe","ref":"dev-timelapse-1781552199198-1","at":1781552199198,"source":"dev"},{"seq":2,"kind":"describe","ref":"dev-timelapse-1781552200798-2","at":1781552200798,"source":"dev"},{"seq":3,"kind":"ingest","ref":"dev-timelapse-1781552202397-3","at":1781552202397,"source":"dev"},{"seq":4,"kind":"ingest","ref":"dev-timelapse-1781552203998-4","at":1781552203998,"source":"dev"},{"seq":5,"kind":"ingest","ref":"dev-timelapse-1781552205597-5","at":1781552205597,"source":"dev"},{"seq":6,"kind":"ingest","ref":"dev-timelapse-1781552207198-6","at":1781552207198,"source":"dev"},{"seq":7,"kind":"ingest","ref":"dev-timelapse-1781552208799-7","at":1781552208799,"source":"dev"},{"seq":8,"kind":"describe","ref":"dev-timelapse-1781552210398-8","at":1781552210398,"source":"dev"},{"seq":9,"kind":"describe","ref":"dev-timelapse-1781552211998-9","at":1781552211998,"source":"dev"}],"construction":{"built":8,"total":8}}
2026-06-15T19:36:54.566Z [frame] 007-1781552214565-10-tending-wide.jpg
2026-06-15T19:36:56.689Z [frame] 008-1781552216689-10-tending-wide.jpg
2026-06-15T19:36:58.804Z [frame] 009-1781552218804-10-tending-wide.jpg
2026-06-15T19:36:58.805Z [bank] tending-9 {"level":2,"totalBanked":10,"totalSpent":8,"recent":[{"seq":0,"kind":"describe","ref":"dev-timelapse-1781552197596-0","at":1781552197596,"source":"dev"},{"seq":1,"kind":"describe","ref":"dev-timelapse-1781552199198-1","at":1781552199198,"source":"dev"},{"seq":2,"kind":"describe","ref":"dev-timelapse-1781552200798-2","at":1781552200798,"source":"dev"},{"seq":3,"kind":"ingest","ref":"dev-timelapse-1781552202397-3","at":1781552202397,"source":"dev"},{"seq":4,"kind":"ingest","ref":"dev-timelapse-1781552203998-4","at":1781552203998,"source":"dev"},{"seq":5,"kind":"ingest","ref":"dev-timelapse-1781552205597-5","at":1781552205597,"source":"dev"},{"seq":6,"kind":"ingest","ref":"dev-timelapse-1781552207198-6","at":1781552207198,"source":"dev"},{"seq":7,"kind":"ingest","ref":"dev-timelapse-1781552208799-7","at":1781552208799,"source":"dev"},{"seq":8,"kind":"describe","ref":"dev-timelapse-1781552210398-8","at":1781552210398,"source":"dev"},{"seq":9,"kind":"describe","ref":"dev-timelapse-1781552211998-9","at":1781552211998,"source":"dev"}],"construction":{"built":8,"total":8}}
2026-06-15T19:37:00.924Z [frame] 010-1781552220924-10-tending-wide.jpg
2026-06-15T19:37:03.048Z [frame] 011-1781552223047-10-tending-wide.jpg
2026-06-15T19:37:05.171Z [frame] 012-1781552225170-10-tending-wide.jpg
2026-06-15T19:37:05.175Z [bank] tending-12 {"level":2,"totalBanked":10,"totalSpent":8,"recent":[{"seq":0,"kind":"describe","ref":"dev-timelapse-1781552197596-0","at":1781552197596,"source":"dev"},{"seq":1,"kind":"describe","ref":"dev-timelapse-1781552199198-1","at":1781552199198,"source":"dev"},{"seq":2,"kind":"describe","ref":"dev-timelapse-1781552200798-2","at":1781552200798,"source":"dev"},{"seq":3,"kind":"ingest","ref":"dev-timelapse-1781552202397-3","at":1781552202397,"source":"dev"},{"seq":4,"kind":"ingest","ref":"dev-timelapse-1781552203998-4","at":1781552203998,"source":"dev"},{"seq":5,"kind":"ingest","ref":"dev-timelapse-1781552205597-5","at":1781552205597,"source":"dev"},{"seq":6,"kind":"ingest","ref":"dev-timelapse-1781552207198-6","at":1781552207198,"source":"dev"},{"seq":7,"kind":"ingest","ref":"dev-timelapse-1781552208799-7","at":1781552208799,"source":"dev"},{"seq":8,"kind":"describe","ref":"dev-timelapse-1781552210398-8","at":1781552210398,"source":"dev"},{"seq":9,"kind":"describe","ref":"dev-timelapse-1781552211998-9","at":1781552211998,"source":"dev"}],"construction":{"built":8,"total":8}}
2026-06-15T19:37:07.290Z [frame] 013-1781552227289-10-tending-wide.jpg
2026-06-15T19:37:09.444Z [frame] 014-1781552229444-10-tending-wide.jpg
2026-06-15T19:37:11.615Z [frame] 015-1781552231614-10-tending-wide.jpg
2026-06-15T19:37:11.617Z [bank] tending-15 {"level":2,"totalBanked":10,"totalSpent":8,"recent":[{"seq":0,"kind":"describe","ref":"dev-timelapse-1781552197596-0","at":1781552197596,"source":"dev"},{"seq":1,"kind":"describe","ref":"dev-timelapse-1781552199198-1","at":1781552199198,"source":"dev"},{"seq":2,"kind":"describe","ref":"dev-timelapse-1781552200798-2","at":1781552200798,"source":"dev"},{"seq":3,"kind":"ingest","ref":"dev-timelapse-1781552202397-3","at":1781552202397,"source":"dev"},{"seq":4,"kind":"ingest","ref":"dev-timelapse-1781552203998-4","at":1781552203998,"source":"dev"},{"seq":5,"kind":"ingest","ref":"dev-timelapse-1781552205597-5","at":1781552205597,"source":"dev"},{"seq":6,"kind":"ingest","ref":"dev-timelapse-1781552207198-6","at":1781552207198,"source":"dev"},{"seq":7,"kind":"ingest","ref":"dev-timelapse-1781552208799-7","at":1781552208799,"source":"dev"},{"seq":8,"kind":"describe","ref":"dev-timelapse-1781552210398-8","at":1781552210398,"source":"dev"},{"seq":9,"kind":"describe","ref":"dev-timelapse-1781552211998-9","at":1781552211998,"source":"dev"}],"construction":{"built":8,"total":8}}
2026-06-15T19:37:13.807Z [frame] 016-1781552233807-10-tending-wide.jpg
2026-06-15T19:37:15.920Z [frame] 017-1781552235919-10-tending-wide.jpg
2026-06-15T19:37:20.337Z [frame] 018-1781552240335-11-tending-closeup.png
2026-06-15T19:37:23.191Z [frame] 019-1781552243189-12-construction-build-site.png
2026-06-15T19:37:23.194Z [bank] t-final {"level":2,"totalBanked":10,"totalSpent":8,"recent":[{"seq":0,"kind":"describe","ref":"dev-timelapse-1781552197596-0","at":1781552197596,"source":"dev"},{"seq":1,"kind":"describe","ref":"dev-timelapse-1781552199198-1","at":1781552199198,"source":"dev"},{"seq":2,"kind":"describe","ref":"dev-timelapse-1781552200798-2","at":1781552200798,"source":"dev"},{"seq":3,"kind":"ingest","ref":"dev-timelapse-1781552202397-3","at":1781552202397,"source":"dev"},{"seq":4,"kind":"ingest","ref":"dev-timelapse-1781552203998-4","at":1781552203998,"source":"dev"},{"seq":5,"kind":"ingest","ref":"dev-timelapse-1781552205597-5","at":1781552205597,"source":"dev"},{"seq":6,"kind":"ingest","ref":"dev-timelapse-1781552207198-6","at":1781552207198,"source":"dev"},{"seq":7,"kind":"ingest","ref":"dev-timelapse-1781552208799-7","at":1781552208799,"source":"dev"},{"seq":8,"kind":"describe","ref":"dev-timelapse-1781552210398-8","at":1781552210398,"source":"dev"},{"seq":9,"kind":"describe","ref":"dev-timelapse-1781552211998-9","at":1781552211998,"source":"dev"}],"construction":{"built":8,"total":8}}
2026-06-15T19:37:23.195Z [perf] after-tending {"fps":11.4,"calls":0,"triangles":0,"geometries":771,"textures":30,"programs":28,"dpr":1.5}
2026-06-15T19:37:23.195Z [harness] done
